This is pdfTeX, Version 3.141592653-2.6-1.40.28 (TeX Live 2025) (preloaded format=pdflatex 2025.6.1)  1 JUN 2026 15:58
entering extended mode
 restricted \write18 enabled.
 %&-line parsing enabled.
**\documentclass{article}\usepackage{listings}\usepackage{xcolor}\usepackage{fancyhdr}\usepackage{multirow}\stop
(c:/Users/polse/AppData/Roaming/TinyTeX/texmf-dist/tex/latex/base/article.cls
Document Class: article 2024/06/29 v1.4n Standard LaTeX document class
(c:/Users/polse/AppData/Roaming/TinyTeX/texmf-dist/tex/latex/base/size10.clo
File: size10.clo 2024/06/29 v1.4n Standard LaTeX file (size option)
)
\c@part=\count272
\c@section=\count273
\c@subsection=\count274
\c@subsubsection=\count275
\c@paragraph=\count276
\c@subparagraph=\count277
\c@figure=\count278
\c@table=\count279
\abovecaptionskip=\skip49
\belowcaptionskip=\skip50
\bibindent=\dimen146
)

! LaTeX Error: File `listings.sty' not found.

Type X to quit or <RETURN> to proceed,
or enter new name. (Default extension: sty)

Enter file name: 
! Emergency stop.
<read *> 
         
<*> ...ss{article}\usepackage{listings}\usepackage
                                                  {xcolor}\usepackage{fancyh...
*** (cannot \read from terminal in nonstop modes)

 
Here is how much of TeX's memory you used:
 241 strings out of 471570
 3047 string characters out of 5518478
 424319 words of memory out of 5000000
 26932 multiletter control sequences out of 15000+600000
 626825 words of font info for 40 fonts, out of 8000000 for 9000
 14 hyphenation exceptions out of 8191
 34i,0n,38p,224b,36s stack positions out of 10000i,1000n,20000p,200000b,200000s
!  ==> Fatal error occurred, no output PDF file produced!
